// Jest Snapshot v1, https://goo.gl/fbAQLP

exports[`the graphql server can query stuff 1`] = `
Object {
  "data": Object {
    "users": Array [
      Object {
        "email": "",
        "id": "1",
      },
    ],
  },
  "errors": undefined,
  "extensions": undefined,
  "http": Object {
    "headers": Headers {
      Symbol(map): Object {},
    },
  },
}
`;

exports[`the graphql server requires authentication if in production 1`] = `[AuthenticationError: you must be logged in]`;
