// Jest Snapshot v1, https://goo.gl/fbAQLP

exports[`the toast provider exists 1`] = `
Object {
  "all": Array [
    Object {
      "message": "",
      "open": true,
      "updateMessage": [Function],
    },
    Object {
      "message": "test",
      "open": true,
      "updateMessage": [Function],
    },
  ],
  "current": Object {
    "message": "test",
    "open": true,
    "updateMessage": [Function],
  },
  "error": undefined,
}
`;
